// Jest Snapshot v1, https://goo.gl/fbAQLP

exports[`rendering of the HowYouCanHelp checks if various text fields are visible 1`] = `
<DocumentFragment>
  <div>
    <h2>
      How you can help improve the map
    </h2>
    <ul>
      <li>
        Provide 
        <a
          class="usa-link"
          href="/en/methodology"
        >
          general feedback
        </a>
         on the CEJST website
      </li>
      <li>
        Suggest new 
        <a
          class="usa-link"
          href="/en/methodology"
        >
          data sources
        </a>
        .
      </li>
      <li>
        Any other questions? Email: 
        <a
          class="usa-link"
          href="/en/methodology"
        >
          Screeningtool-Support@omb.eop.gov
        </a>
      </li>
    </ul>
  </div>
</DocumentFragment>
`;
