// Jest Snapshot v1, https://goo.gl/fbAQLP

exports[`rendering of the HowYouCanHelp checks if various text fields are visible 1`] = `
<DocumentFragment>
  <div>
    <h2>
      How you can help improve the tool
    </h2>
    <ul>
      <li>
        View the
        <a
          href="/en/methodology"
        >
          Methodology & data
        </a>
         page and send feedback.
      </li>
      <li>
        Find communities of interest and
        <a
          class="usa-link usa-link--external"
          data-cy=""
          href="mailto=Screeningtool-Support@omb.eop.gov"
          rel="noreferrer"
          target="_blank"
        >
          share feedback
        </a>
        .
      </li>
      <li>
        Respond to our request for information on
        <a
          class="usa-link usa-link--external"
          data-cy=""
          href="https://www.federalregister.gov/"
          rel="noreferrer"
          target="_blank"
        >
          federalregister.gov
        </a>
        .
      </li>
    </ul>
  </div>
</DocumentFragment>
`;
