// Jest Snapshot v1, https://goo.gl/fbAQLP

exports[`rendering of the HowYouCanHelp checks if various text fields are visible 1`] = `
<DocumentFragment>
  <div>
    <h2>
      How you can help improve the tool
    </h2>
    <ul>
      <li>
        <div>
          If you have helpful information, we would love to 
          <a
            href="mailto:screeningtool.feedback@usds.gov"
          >
            recieve an email from you
          </a>
           .
        </div>
      </li>
      <li>
        <div>
          View our 
          <a
            href="/en/methodology"
          >
            Data and methodology
          </a>
           page and send us feedback
        </div>
      </li>
      <li>
        <div>
          Find your community of interest and 
          <a
            href="mailto:screeningtool.feedback@usds.gov"
          >
            share your feedback
          </a>
           .
        </div>
      </li>
    </ul>
  </div>
</DocumentFragment>
`;
