// Jest Snapshot v1, https://goo.gl/fbAQLP

exports[`rendering of the J40Alert tests the rendering of J40Alert with padding 1`] = `
<DocumentFragment>
  <div
    class="undefined undefined"
  >
    Limited data sources — Datasets may be added, updated, or removed.
  </div>
</DocumentFragment>
`;

exports[`rendering of the J40Alert tests the rendering of J40Alert without padding 1`] = `
<DocumentFragment>
  <div
    class="undefined undefined"
  >
    Limited data sources — Datasets may be added, updated, or removed.
  </div>
</DocumentFragment>
`;
