// Jest Snapshot v1, https://goo.gl/fbAQLP

exports[`download packet component defined checks if component renders 1`] = `
<DocumentFragment>
  <div
    class=""
    data-testid="grid"
  >
    <div>
      <div>
        <div>
          <div>
            <span>
              NEW
            </span>
             files available for download
          </div>
          <div>
            Download the data sources used in the CEJST (.csv, .xlxs, 
            <span>
              .pdf
            </span>
             that describes how to use the list, and a codebook, 53MB unzipped), the shapefile, along with a 
            <span>
              codebook
            </span>
             (.zip, 742MB unzipped) or the technical support document (.pdf, 2.5MB unzipped).
          </div>
          <div>
            <div>
              <span
                class="usa-tag"
                data-testid="tag"
              >
                <strong>
                  Updated
                </strong>
              </span>
            </div>
            <a
              data-cy="download-link"
              download=""
              href="//"
            >
              <button
                class="usa-button"
                data-testid="button"
                type="button"
              >
                <span>
                  <img
                    alt="download icon for download package"
                    src="test-file-stub"
                  />
                </span>
                <span>
                  Download data sources
                </span>
              </button>
            </a>
          </div>
          <div>
            Last updated: 04/26/22 
          </div>
          <div>
            <div>
              <span
                class="usa-tag"
                data-testid="tag"
              >
                <strong>
                  Updated
                </strong>
              </span>
            </div>
            <a
              data-cy="shapefile-link"
              download=""
              href="//"
            >
              <button
                class="usa-button"
                data-testid="button"
                type="button"
              >
                <span>
                  <img
                    alt="download icon for download package"
                    src="test-file-stub"
                  />
                </span>
                <span>
                  Download shapefile
                </span>
              </button>
            </a>
          </div>
          <div>
            Last updated: 04/26/22 
          </div>
          <div>
            <div>
              <span
                class="usa-tag"
                data-testid="tag"
              >
                <strong>
                  NEW
                </strong>
              </span>
            </div>
            <a
              data-cy="tsd-link"
              download=""
              href="//"
              rel="noreferrer"
              target="_blank"
            >
              <button
                class="usa-button"
                data-testid="button"
                type="button"
              >
                <span>
                  <img
                    alt="download icon for download package"
                    src="test-file-stub"
                  />
                </span>
                <span>
                  Download technical support document
                </span>
              </button>
            </a>
          </div>
          <div>
            Last updated: 04/19/22 
          </div>
        </div>
      </div>
    </div>
  </div>
</DocumentFragment>
`;
