// Jest Snapshot v1, https://goo.gl/fbAQLP

exports[`rendering of the Categories checks if component renders 1`] = `
<DocumentFragment>
  <div
    class="grid-container-desktop-lg"
    data-testid="gridContainer"
  >
    <div
      class="grid-row"
      data-testid="grid"
    >
      <div
        class="grid-col-12"
        data-testid="grid"
      >
        <h2>
          Categories
        </h2>
      </div>
    </div>
  </div>
  <div
    class="grid-container-desktop-lg"
    data-testid="gridContainer"
  >
    <div>
      <h3>
        Climate change
      </h3>
      <p>
        
      Communities are 
        <strong>
          identified as disadvantaged
        </strong>
         
    
      </p>
      <p>
        
      
        <strong>
          IF
        </strong>
         at or above the 90th percentile for 
        <a
          href="#exp-agr-loss-rate"
        >
          expected agriculture loss rate
        </a>
         OR 
        <a
          href="#exp-bld-loss-rate"
        >
          expected building loss rate
        </a>
         OR 
        <a
          href="#exp-pop-loss-rate"
        >
          expected population loss rate
        </a>
        
      
      </p>
      <p>
        
      
        <strong>
          AND
        </strong>
         is above the 65th percentile for 
        <a
          href="#low-income"
        >
          low income
        </a>
         AND at or below 20% for 
        <a
          href="#high-ed-enroll-rate"
        >
          higher ed enrollment rate
        </a>
         
    
      </p>
      <p />
    </div>
    <div>
      <h3>
        Clean energy and energy efficiency
      </h3>
      <p>
        
      Communities are 
        <strong>
          identified as disadvantaged
        </strong>
         
    
      </p>
      <p>
        
        
        <strong>
          IF
        </strong>
         at or above the 90th percentile for 
        <a
          href="#energy-burden"
        >
          energy burden
        </a>
         OR 
        <a
          href="#pm-25"
        >
          PM2.5 in the air
        </a>
        
      
      </p>
      <p>
        
      
        <strong>
          AND
        </strong>
         is above the 65th percentile for 
        <a
          href="#low-income"
        >
          low income
        </a>
         AND at or below 20% for 
        <a
          href="#high-ed-enroll-rate"
        >
          higher ed enrollment rate
        </a>
         
    
      </p>
      <p />
    </div>
    <div>
      <h3>
        Clean transit
      </h3>
      <p>
        
      Communities are 
        <strong>
          identified as disadvantaged
        </strong>
         
    
      </p>
      <p>
        
        
        <strong>
          IF
        </strong>
         at or above the 90th percentile for 
        <a
          href="#diesel-pm"
        >
          diesel particulate matter exposure
        </a>
         or 
        <a
          href="#traffic-vol"
        >
          traffic proximity and volume
        </a>
        
      
      </p>
      <p>
        
      
        <strong>
          AND
        </strong>
         is above the 65th percentile for 
        <a
          href="#low-income"
        >
          low income
        </a>
         AND at or below 20% for 
        <a
          href="#high-ed-enroll-rate"
        >
          higher ed enrollment rate
        </a>
         
    
      </p>
      <p />
    </div>
    <div>
      <h3>
        Affordable and sustainable housing
      </h3>
      <p>
        
      Communities are 
        <strong>
          identified as disadvantaged
        </strong>
         
    
      </p>
      <p>
        
        
        <strong>
          IF
        </strong>
         at or above the 90th percentile for 
        <a
          href="#lead-paint"
        >
          lead paint
        </a>
         AND 
        <a
          href="#median-home"
        >
          median home value
        </a>
         is at or less than
        the 90th percentile OR at or above the 90th percentile for the 
        <a
          href="#house-burden"
        >
          housing cost burden
        </a>
        
      
      </p>
      <p>
        
      
        <strong>
          AND
        </strong>
         is above the 65th percentile for 
        <a
          href="#low-income"
        >
          low income
        </a>
         AND at or below 20% for 
        <a
          href="#high-ed-enroll-rate"
        >
          higher ed enrollment rate
        </a>
         
    
      </p>
      <p />
    </div>
    <div>
      <h3>
        Reduction and remediation of legacy pollution
      </h3>
      <p>
        
      Communities are 
        <strong>
          identified as disadvantaged
        </strong>
         
    
      </p>
      <p>
        
        
        <strong>
          IF
        </strong>
         at or above the 90th percentile for 
        <a
          href="#prox-haz"
        >
          proximity to hazardous waste facilities
        </a>
         OR 
        <a
          href="#prox-npl"
        >
          proximity to NPL sites
        </a>
         OR 
        <a
          href="#prox-rmp"
        >
          proximity to RMP facilities
        </a>
        
      
      </p>
      <p>
        
      
        <strong>
          AND
        </strong>
         is above the 65th percentile for 
        <a
          href="#low-income"
        >
          low income
        </a>
         AND at or below 20% for 
        <a
          href="#high-ed-enroll-rate"
        >
          higher ed enrollment rate
        </a>
         
    
      </p>
      <p />
    </div>
    <div>
      <h3>
        Critical clean water and waste infrastructure
      </h3>
      <p>
        
      Communities are 
        <strong>
          identified as disadvantaged
        </strong>
         
    
      </p>
      <p>
        
        
        <strong>
          IF
        </strong>
         at or above the 90th percentile for 
        <a
          href="#waste-water"
        >
          wastewater discharge
        </a>
        
      
      </p>
      <p>
        
      
        <strong>
          AND
        </strong>
         is above the 65th percentile for 
        <a
          href="#low-income"
        >
          low income
        </a>
         AND at or below 20% for 
        <a
          href="#high-ed-enroll-rate"
        >
          higher ed enrollment rate
        </a>
         
    
      </p>
      <p />
    </div>
    <div>
      <h3>
        Health burdens
      </h3>
      <p>
        
      Communities are 
        <strong>
          identified as disadvantaged
        </strong>
         
    
      </p>
      <p>
        
        
        <strong>
          IF
        </strong>
         at or above the 90th percentile for 
        <a
          href="#asthma"
        >
          asthma
        </a>
         OR 
        <a
          href="#diabetes"
        >
          diabetes
        </a>
         OR 
        <a
          href="#heart-disease"
        >
          heart disease
        </a>
         OR 
        <a
          href="#life-exp"
        >
          low life expectancy
        </a>
        
      
      </p>
      <p>
        
      
        <strong>
          AND
        </strong>
         is above the 65th percentile for 
        <a
          href="#low-income"
        >
          low income
        </a>
         AND at or below 20% for 
        <a
          href="#high-ed-enroll-rate"
        >
          higher ed enrollment rate
        </a>
         
    
      </p>
      <p />
    </div>
    <div>
      <h3>
        Training and workforce development
      </h3>
      <p>
        
      Communities are 
        <strong>
          identified as disadvantaged
        </strong>
         
    
      </p>
      <p>
        
        
        <strong>
          IF
        </strong>
         at or above the 90th percentile for 
        <a
          href="#low-med-inc"
        >
          low median income
        </a>
         as a percent of area median income OR 
        
        <a
          href="#ling-iso"
        >
          linguistic isolation
        </a>
         OR
        
        <a
          href="#unemploy"
        >
          unemployment
        </a>
         OR
        percent individuals in households at or below 100% Federal 
        <a
          href="#poverty"
        >
          poverty
        </a>
         level
      
      </p>
      <p>
        
    
        <strong>
          AND
        </strong>
         is at or less than 90% for 
        <a
          href="#high-school"
        >
          high school degree attainment rate
        </a>
         for adults 25 years and older AND 
    at or below 20% for 
        <a
          href="#high-ed-enroll-rate"
        >
          higher ed enrollment rate
        </a>
         
  
      </p>
      <p />
    </div>
  </div>
</DocumentFragment>
`;
