// Jest Snapshot v1, https://goo.gl/fbAQLP

exports[`rendering of Demographics Component checks if component renders 1`] = `
<DocumentFragment>
  <div>
    <div>
      Tract demographics
    </div>
    <div
      aria-multiselectable="true"
      class="usa-accordion"
      data-testid="accordion"
    >
      <h4
        class="usa-accordion__heading"
      >
        <button
          aria-controls="123"
          aria-expanded="false"
          class="usa-accordion__button"
          data-testid="accordionButton_123"
          type="button"
        >
          Racial Ethnographic
        </button>
      </h4>
      <div
        class="usa-accordion__content usa-prose"
        data-testid="accordionItem_123"
        hidden=""
        id="123"
      >
        <div>
          <span>
            White
          </span>
          <span>
            61.4%
          </span>
        </div>
        <div>
          <span>
            Black or African Americon
          </span>
          <span>
            10.3%
          </span>
        </div>
        <div>
          <span>
            American Indian and Alaska Native
          </span>
          <span>
            10.3%
          </span>
        </div>
        <div>
          <span>
            American Indian and Alaska Native
          </span>
          <span>
            0.3%
          </span>
        </div>
        <div>
          <span>
            Asian
          </span>
          <span>
            7.2%
          </span>
        </div>
        <div>
          <span>
            Native Hawiian or Pacific Islander
          </span>
          <span>
            4.2%
          </span>
        </div>
        <div>
          <span>
            Other
          </span>
          <span>
            2.5%
          </span>
        </div>
        <div>
          <span>
            Two or more races
          </span>
          <span>
            6.7%
          </span>
        </div>
        <div>
          <span>
            Hispanic or Latino
          </span>
          <span>
            10.4%
          </span>
        </div>
      </div>
      <h4
        class="usa-accordion__heading"
      >
        <button
          aria-controls="abc"
          aria-expanded="false"
          class="usa-accordion__button"
          data-testid="accordionButton_abc"
          type="button"
        >
          Age
        </button>
      </h4>
      <div
        class="usa-accordion__content usa-prose"
        data-testid="accordionItem_abc"
        hidden=""
        id="abc"
      >
        <div>
          <span>
            Children under 10
          </span>
          <span>
            1.4%
          </span>
        </div>
        <div>
          <span>
            Ages 10 - 64
          </span>
          <span>
            80.3%
          </span>
        </div>
        <div>
          <span>
            Elderly over 65
          </span>
          <span>
            7.2%
          </span>
        </div>
      </div>
    </div>
  </div>
</DocumentFragment>
`;
