// Jest Snapshot v1, https://goo.gl/fbAQLP

exports[`rendering of the BetaBanner checks if component renders 1`] = `
<DocumentFragment>
  <div>
    <div>
      <strong>
        This site has been updated.
      </strong>
       The current version of the site is 1.0 that was released on Nov 21, 2022
    </div>
  </div>
</DocumentFragment>
`;
