// Jest Snapshot v1, https://goo.gl/fbAQLP

exports[`rendering of the Language checks if component renders 1`] = `
<DocumentFragment>
  <div>
    <img
      alt="language icon for selecting language"
      src="test-file-stub"
    />
    <a>
      English
    </a>
    <a>
      Español
    </a>
  </div>
</DocumentFragment>
`;
