// Jest Snapshot v1, https://goo.gl/fbAQLP

exports[`rendering of the AreaDetail checks if various text fields are visible 1`] = `
<DocumentFragment>
  <aside
    data-cy="aside"
  >
    <header>
      <div>
        <div>
          Cumulative Index Score
        </div>
        <div
          data-cy="score"
        >
          9500
          <sup>
            <span>
              th
            </span>
          </sup>
        </div>
        <div>
          percentile
        </div>
      </div>
      <div>
        <h6>
          Categorization
        </h6>
        <div>
          <div />
          <div>
            Prioritized
          </div>
        </div>
      </div>
    </header>
    <ul>
      <li>
        <span>
          Census block group: 
        </span>
        <span>
          98729374234
        </span>
      </li>
      <li>
        <span>
          County: 
        </span>
        <span />
      </li>
      <li>
        <span>
          State: 
        </span>
        <span />
      </li>
      <li>
        <span>
          Population: 
        </span>
        <span>
          3,435,435
        </span>
      </li>
    </ul>
    <div>
      <h6>
        Indicators
      </h6>
      <h6>
        Percentile (0-100)
      </h6>
    </div>
    <div
      class="usa-accordion"
      data-testid="accordion"
    >
      <h2
        class="usa-accordion__heading j40-accordion"
      >
        <button
          aria-controls="test1"
          aria-expanded="true"
          class="usa-accordion__button"
          data-testid="accordionButton_test1"
          type="button"
        >
          indicators used in prio
        </button>
      </h2>
      <div
        class="usa-accordion__content usa-prose j40-accordion"
        data-testid="accordionItem_test1"
        id="test1"
      >
        <li
          data-cy="indicatorBox"
        >
          <div>
            <h4>
              Poverty
            </h4>
            <p
              class="secondary"
            >
              Household income is less than or equal to twice the federal "poverty level"
            </p>
          </div>
          <div>
            9900
            <sup>
              <span>
                th
              </span>
            </sup>
          </div>
        </li>
      </div>
      <h2
        class="usa-accordion__heading j40-accordian-bg-colored"
      >
        <button
          aria-controls="test2"
          aria-expanded="false"
          class="usa-accordion__button"
          data-testid="accordionButton_test2"
          type="button"
        >
          additional indicators
        </button>
      </h2>
      <div
        class="usa-accordion__content usa-prose j40-accordian-bg-colored"
        data-testid="accordionItem_test2"
        hidden=""
        id="test2"
      >
        <li
          data-cy="indicatorBox"
        >
          <div>
            <h4>
              Education
            </h4>
            <p
              class="secondary"
            >
              Percent of people age 25 or older that didn’t get a high school diploma
            </p>
          </div>
          <div>
            9800
            <sup>
              <span>
                th
              </span>
            </sup>
          </div>
        </li>
      </div>
    </div>
    <li
      data-cy="indicatorBox"
    >
      <div>
        <h4>
          Poverty
        </h4>
        <p
          class="secondary"
        >
          Household income is less than or equal to twice the federal "poverty level"
        </p>
      </div>
      <div>
        9900
        <sup>
          <span>
            th
          </span>
        </sup>
      </div>
    </li>
    <li
      data-cy="indicatorBox"
    >
      <div>
        <h4>
          Education
        </h4>
        <p
          class="secondary"
        >
          Percent of people age 25 or older that didn’t get a high school diploma
        </p>
      </div>
      <div>
        9800
        <sup>
          <span>
            th
          </span>
        </sup>
      </div>
    </li>
    <li
      data-cy="indicatorBox"
    >
      <div>
        <h4>
          Linguistic isolation
        </h4>
        <p
          class="secondary"
        >
          Households in which all members speak a non-English language and speak English less than "very well"
        </p>
      </div>
      <div>
        9700
        <sup>
          <span>
            th
          </span>
        </sup>
      </div>
    </li>
    <li
      data-cy="indicatorBox"
    >
      <div>
        <h4>
          Unemployment rate
        </h4>
        <p
          class="secondary"
        >
          Number of unemployed people as a percentage of the labor force
        </p>
      </div>
      <div>
        9600
        <sup>
          <span>
            th
          </span>
        </sup>
      </div>
    </li>
    <li
      data-cy="indicatorBox"
    >
      <div>
        <h4>
          Housing Burden
        </h4>
        <p
          class="secondary"
        >
          Households that are low income and spend more than 30% of their income to housing costs
        </p>
      </div>
      <div>
        9500
        <sup>
          <span>
            th
          </span>
        </sup>
      </div>
    </li>
  </aside>
</DocumentFragment>
`;
