// Jest Snapshot v1, https://goo.gl/fbAQLP

exports[`rendering of TractDemographics Component checks if component renders 1`] = `
<DocumentFragment>
  <div>
    <div>
      Tract demographics
    </div>
    <h6>
      Racial Ethnographic
      <button
        aria-controls="race-panel"
        aria-expanded="false"
        id="race-header"
        tabindex="0"
      >
        show
      </button>
      <img
        alt="collapse icon"
        src="test-file-stub"
      />
    </h6>
    <section
      aria-labelledby="race-header"
      hidden=""
      id="race-panel"
    >
      <div>
        <span>
          White
        </span>
        <span>
          61.4%
        </span>
      </div>
      <div>
        <span>
          Black or African Americon
        </span>
        <span>
          10.3%
        </span>
      </div>
      <div>
        <span>
          American Indian and Alaska Native
        </span>
        <span>
          10.3%
        </span>
      </div>
      <div>
        <span>
          American Indian and Alaska Native
        </span>
        <span>
          0.3%
        </span>
      </div>
      <div>
        <span>
          Asian
        </span>
        <span>
          7.2%
        </span>
      </div>
      <div>
        <span>
          Native Hawiian or Pacific Islander
        </span>
        <span>
          4.2%
        </span>
      </div>
      <div>
        <span>
          Other
        </span>
        <span>
          2.5%
        </span>
      </div>
      <div>
        <span>
          Two or more races
        </span>
        <span>
          6.7%
        </span>
      </div>
      <div>
        <span>
          Hispanic or Latino
        </span>
        <span>
          10.4%
        </span>
      </div>
    </section>
    <h6>
      Age
      <button
        aria-controls="age-panel"
        aria-expanded="false"
        id="age-header"
        tabindex="0"
      >
        show
      </button>
      <img
        alt="collapse icon"
        src="test-file-stub"
      />
    </h6>
    <section
      aria-labelledby="age-header"
      hidden=""
      id="age-panel"
    >
      <div>
        <span>
          Children under 10
        </span>
        <span>
          1.4%
        </span>
      </div>
      <div>
        <span>
          Ages 10 - 64
        </span>
        <span>
          80.3%
        </span>
      </div>
      <div>
        <span>
          Elderly over 65
        </span>
        <span>
          7.2%
        </span>
      </div>
    </section>
  </div>
</DocumentFragment>
`;
