// Jest Snapshot v1, https://goo.gl/fbAQLP

exports[`rendering of the SubPageNav checks SubPageNav renders 1`] = `
<DocumentFragment>
  <div>
    <ul
      class="usa-sidenav"
      data-testid="sidenav"
    >
      <li
        class="usa-sidenav__item"
      >
        <a
          class="usa-link usa-current"
          href="/en/methodology"
        >
          Methodology & data
        </a>
      </li>
      <li
        class="usa-sidenav__item"
      >
        <a
          class="usa-link"
          href="/en/download"
        />
      </li>
    </ul>
  </div>
</DocumentFragment>
`;
