// Jest Snapshot v1, https://goo.gl/fbAQLP

exports[`rendering of the MapLegend checks if snapshots have changed 1`] = `
<DocumentFragment>
  <div>
    <div />
    <div>
      <div
        class="j40-h4"
      >
        Disadvantaged community
      </div>
      <p
        class="secondary"
      >

    Communities identified as disadvantaged for the purposes of Justice40 have been
    historically marginalized, underserved, and overburdened by pollution. These communities meet
    or exceed the criteria in one or more areas of focus.


      </p>
    </div>
  </div>
</DocumentFragment>
`;
