// Jest Snapshot v1, https://goo.gl/fbAQLP

exports[`rendering of the CategoryCard checks if component renders 1`] = `
<DocumentFragment>
  <div>
    <h3>
      Climate change
    </h3>
    <p>
      
      Communities are 
      <strong>
        identified as disadvantaged
      </strong>
       
    
    </p>
    <p>
      
      
      <strong>
        IF
      </strong>
       at or above the 90th percentile for 
      <a
        href="#exp-agr-loss-rate"
      >
        expected agriculture loss rate
      </a>
       OR 
      <a
        href="#exp-bld-loss-rate"
      >
        expected building loss rate
      </a>
       OR 
      <a
        href="#exp-pop-loss-rate"
      >
        expected population loss rate
      </a>
      
      
    </p>
    <p>
      
      
      <strong>
        AND
      </strong>
       is above the 65th percentile for 
      <a
        href="#low-income"
      >
        low income
      </a>
       AND at or below 20% for 
      <a
        href="#high-ed-enroll-rate"
      >
        higher ed enrollment rate
      </a>
       
    
    </p>
    <p />
  </div>
</DocumentFragment>
`;
