// Jest Snapshot v1, https://goo.gl/fbAQLP

exports[`rendering of indicator dataset card checks if component renders 1`] = `
<DocumentFragment>
  <div
    id="low-income"
  >
    <h3>
      Low income
    </h3>
    <div>
      
        Percent of a census tract's population in households where household income is at or below
        200% of the federal poverty level.
      
    </div>
    <ul>
      <li>
        <span>
          Responsible Party: 
        </span>
        <a
          href="https://www.census.gov/programs-surveys/acs"
          rel="noreferrer"
          target="_blank"
        >
          Census's American Community Survey
        </a>
      </li>
      <li>
        <span>
          Date range: 
        </span>
        2015-2019
      </li>
      <li>
        <span>
          Used in: 
        </span>
        All methodologies except for training and workforce development
      </li>
    </ul>
  </div>
</DocumentFragment>
`;
