// Jest Snapshot v1, https://goo.gl/fbAQLP

exports[`rendering of indicator dataset card checks if component renders 1`] = `
<DocumentFragment>
  <div
    id="census-tract-info"
  >
    <div>
      <div>
        <span
          class="usa-tag"
          data-testid="tag"
        >
          NEW
        </span>
      </div>
      <h3>
        Census tract information and demographics
      </h3>
    </div>
    <div>
      
        Used to identify and locate each tract in a state and county. The demographic information, race/ethnicity and age, are included to better characterize the people living in the tract.
      
    </div>
    <div>
      <p>
        
      
        <strong>
          Note: 
        </strong>
        The demographics are included as information only and are not considered as a part of the tool's methodology.
    
      </p>
    </div>
    <ul>
      <li>
        <span>
          Used in: 
        </span>
        All categories
      </li>
      <li>
        <span>
          Responsible party: 
        </span>
        U.S. Census
      </li>
      <li>
        <span>
          Source: 
        </span>
        <a
          class="usa-link usa-link--external"
          data-cy=""
          href="https://www.census.gov/programs-surveys/acs"
          rel="noreferrer"
          target="_blank"
        >
          American Community Survey
        </a>
         from 2015-2019
      </li>
      <li>
        <span>
          Available for: 
        </span>
        All U.S. states, the District of Columbia, and U.S. territories
      </li>
    </ul>
  </div>
</DocumentFragment>
`;
