// Jest Snapshot v1, https://goo.gl/fbAQLP

exports[`J40Footer renders correctly 1`] = `
Array [
  <footer
    className="usa-footer usa-footer--big"
  >
    <div
      className="usa-footer__primary-section"
    />
    <div
      className="usa-footer__secondary-section"
    >
      <div
        className="grid-container"
      >
        <nav
          aria-label="Footer navigation"
          className="usa-footer__nav nobreak"
        >
          <div
            className="grid-row grid-gap-4"
          >
            <div
              className="mobile-lg:grid-col-6 desktop:grid-col-3"
            >
              <section
                className="usa-footer__primary-content usa-footer__primary-content--collapsible"
              >
                <h4
                  className="usa-footer__primary-link"
                >
                  Agency Partners
                </h4>
                <ul
                  className="usa-list usa-list--unstyled"
                >
                  <li
                    className="usa-footer__secondary-link"
                  >
                    <a
                      href="https://www.epa.gov/"
                      rel="noreferrer"
                      target="_blank"
                    >
                      Environmental Protection Agency
                    </a>
                  </li>
                  <li
                    className="usa-footer__secondary-link"
                  >
                    <a
                      href="https://www.whitehouse.gov/omb"
                      rel="noreferrer"
                      target="_blank"
                    >
                      Office of Management and Budget
                    </a>
                  </li>
                  <li
                    className="usa-footer__secondary-link"
                  >
                    <a
                      href="https://www.energy.gov/"
                      rel="noreferrer"
                      target="_blank"
                    >
                      Department of Energy
                    </a>
                  </li>
                  <li
                    className="usa-footer__secondary-link"
                  >
                    <a
                      href="https://www.hud.gov/"
                      rel="noreferrer"
                      target="_blank"
                    >
                      Department of Housing and Urban Development
                    </a>
                  </li>
                </ul>
              </section>
            </div>
            <div
              className="mobile-lg:grid-col-6 desktop:grid-col-3"
            >
              <section
                className="usa-footer__primary-content usa-footer__primary-content--collapsible"
              >
                <h4
                  className="usa-footer__primary-link"
                >
                  More Information
                </h4>
                <ul
                  className="usa-list usa-list--unstyled"
                >
                  <li
                    className="usa-footer__secondary-link"
                  >
                    <a
                      href="https://www.whitehouse.gov/"
                      rel="noreferrer"
                      target="_blank"
                    >
                      Whitehouse.gov
                    </a>
                  </li>
                  <li
                    className="usa-footer__secondary-link"
                  >
                    <a
                      href="#"
                    >
                      Accessibility Statement
                    </a>
                  </li>
                  <li
                    className="usa-footer__secondary-link"
                  >
                    <a
                      href="#"
                    >
                      Privacy, Policies, and Legal Information
                    </a>
                  </li>
                </ul>
              </section>
            </div>
            <div
              className="mobile-lg:grid-col-6 desktop:grid-col-3"
            >
              <section
                className="usa-footer__primary-content usa-footer__primary-content--collapsible"
              >
                <h4
                  className="usa-footer__primary-link"
                >
                  Have a question about government services?
                </h4>
                <ul
                  className="usa-list usa-list--unstyled"
                >
                  <li
                    className="usa-footer__secondary-link"
                  >
                    <a
                      href="#"
                    >
                      Find a contact at USA.gov
                    </a>
                  </li>
                </ul>
              </section>
            </div>
            <div
              className="mobile-lg:grid-col-6 desktop:grid-col-3"
            >
              <section
                className="usa-footer__primary-content usa-footer__primary-content--collapsible"
              >
                <h4
                  className="usa-footer__primary-link"
                >
                  <div
                    className="usa-footer__logo grid-row grid-gap-2 j40-footer-logo"
                    data-testid="footerLogo"
                  >
                    <div
                      className="grid-col-auto"
                    >
                      <img
                        alt="Whitehouse logo"
                        className="usa-footer__logo-img"
                        src="test-file-stub"
                      />
                    </div>
                    <div
                      className="grid-col-auto"
                    >
                      <p
                        className="usa-footer__logo-heading  j40-footer-logo-heading"
                      >
                        Council on Environmental Quality
                      </p>
                    </div>
                  </div>
                </h4>
                <ul
                  className="usa-list usa-list--unstyled"
                >
                  <li
                    className="usa-footer__secondary-link"
                  >
                    <address
                      className="usa-footer__address j40-address-readability"
                    >
                      <div
                        className="usa-footer__contact-info grid-row grid-gap"
                      >
                        <div
                          className=""
                        >
                          730 Jackson Pl NW
                        </div>
                        <div
                          className=""
                        >
                          Washington, D.C. 20506
                        </div>
                        <div
                          className=""
                        >
                          (202) 395-5750
                        </div>
                      </div>
                    </address>
                  </li>
                </ul>
              </section>
            </div>
          </div>
        </nav>
      </div>
    </div>
  </footer>,
  ",",
]
`;
