// Jest Snapshot v1, https://goo.gl/fbAQLP

exports[`rendering of the MethodologyFormula checks if component renders 1`] = `
<DocumentFragment>
  <section>
    <p>
      
      Under the current formula, a census tract will be 
      <strong>
        identified as disadvantaged
      </strong>
       in one or more categories of criteria: 
    
    </p>
    <p>
      
      
      <span>
        IF
      </span>
       the tract is above the thresholds for one or more environmental, climate, health or 
      socioeconomic burden indicators
      
    </p>
    <p>
      
      
      <span>
        AND
      </span>
       the tract is above the thresholds for both socioeconomic indicators
    
    </p>
  </section>
</DocumentFragment>
`;
