// Jest Snapshot v1, https://goo.gl/fbAQLP

exports[`rendering of the Indicator checks if component renders 1`] = `
<DocumentFragment>
  <li
    data-cy="indicatorBox"
    data-testid="indicator-box"
  >
    <div>
      <div>
        some label
        <div>
          some description
        </div>
      </div>
      <div>
        <div>
          <div>
            9700
            <span>
              %
            </span>
          </div>
          <div>
            <img
              alt="image alt text"
              src="test-file-stub"
            />
          </div>
        </div>
        <div>
          <div>
            above 20
          </div>
          <div>
            percent
          </div>
        </div>
      </div>
    </div>
  </li>
</DocumentFragment>
`;
